#-----------------------------------------------------------
# Vivado v2020.2 (64-bit)
# SW Build 3064766 on Wed Nov 18 09:12:45 MST 2020
# IP Build 3064653 on Wed Nov 18 14:17:31 MST 2020
# Start of session at: Tue May 23 13:31:55 2023
# Process ID: 9564
# Current directory: C:/Users/utilisateur/Documents/TP/TP05/LedDriver/LedDriver
# Command line: vivado.exe -gui_launcher_event rodinguilauncherevent5804 C:\Users\utilisateur\Documents\TP\TP05\LedDriver\LedDriver\LedDriver.xpr
# Log file: C:/Users/utilisateur/Documents/TP/TP05/LedDriver/LedDriver/vivado.log
# Journal file: C:/Users/utilisateur/Documents/TP/TP05/LedDriver/LedDriver\vivado.jou
#-----------------------------------------------------------
start_gui
open_project C:/Users/utilisateur/Documents/TP/TP05/LedDriver/LedDriver/LedDriver.xpr
update_compile_order -fileset sources_1
launch_simulation
open_wave_config C:/Users/utilisateur/Documents/TP/TP05/LedDriver/LedDriver/tb_LedDriver_behav.wcfg
source tb_LedDriver.tcl
run 50000ns
close_sim
launch_simulation
open_wave_config C:/Users/utilisateur/Documents/TP/TP05/LedDriver/LedDriver/tb_LedDriver_behav.wcfg
source tb_LedDriver.tcl
run 50000ns
close_sim
launch_simulation
open_wave_config C:/Users/utilisateur/Documents/TP/TP05/LedDriver/LedDriver/tb_LedDriver_behav.wcfg
source tb_LedDriver.tcl
run 50000ns
close_sim
launch_simulation
open_wave_config C:/Users/utilisateur/Documents/TP/TP05/LedDriver/LedDriver/tb_LedDriver_behav.wcfg
source tb_LedDriver.tcl
run 50000ns
restart
run 50000ns
save_wave_config {C:/Users/utilisateur/Documents/TP/TP05/LedDriver/LedDriver/tb_LedDriver_behav.wcfg}
close_sim
