#-----------------------------------------------------------
# Vivado v2020.2 (64-bit)
# SW Build 3064766 on Wed Nov 18 09:12:45 MST 2020
# IP Build 3064653 on Wed Nov 18 14:17:31 MST 2020
# Start of session at: Mon Jul 17 14:31:17 2023
# Process ID: 3420
# Current directory: C:/Users/utilisateur/Documents/TP/VGA_FIltre_Sobel/VGA_Sobel
# Command line: vivado.exe -gui_launcher_event rodinguilauncherevent6560 C:\Users\utilisateur\Documents\TP\VGA_FIltre_Sobel\VGA_Sobel\VGA_Sobel.xpr
# Log file: C:/Users/utilisateur/Documents/TP/VGA_FIltre_Sobel/VGA_Sobel/vivado.log
# Journal file: C:/Users/utilisateur/Documents/TP/VGA_FIltre_Sobel/VGA_Sobel\vivado.jou
#-----------------------------------------------------------
start_gui
open_project C:/Users/utilisateur/Documents/TP/VGA_FIltre_Sobel/VGA_Sobel/VGA_Sobel.xpr
update_compile_order -fileset sources_1
reset_run synth_1
launch_runs synth_1 -jobs 4
wait_on_run synth_1
open_run synth_1 -name synth_1
launch_runs impl_1 -jobs 4
wait_on_run impl_1
close_design
open_run impl_1
